[INFO] Scanning for projects...
[INFO] 
[INFO] ------------------------< com.jpmc:midas-core >-------------------------
[INFO] Building midas-core 1.0.0
[INFO]   from pom.xml
[INFO] --------------------------------[ jar ]---------------------------------
